// Jest Snapshot v1, https://goo.gl/fbAQLP

exports[`renders learn react link 1`] = `
<div
  className="App"
>
  <header
    className="App-header"
  >
    <span
      className="title"
    >
       Your financial Database 
    </span>
  </header>
  <homeplaceholder />
</div>
`;
